--- Model Check ---
[OK] DocumentTemplate Model exists
[OK] Payment->student() relation exists
--- PDF Logic Check ---
[INFO] Found 2 students in Grade Grade 9
[OK] PDF Generated successfully, size: 2176 bytes
